// Jest Snapshot v1, https://goo.gl/fbAQLP

exports[`Calculator should match with snapshot 1`] = `
<div
  className="main-content"
>
  <h2
    className="main-title"
  >
    Let's do some math!
  </h2>
  <div
    className="calculator"
  >
    <div
      className="display"
    >
      <span>
        0
      </span>
    </div>
    <div
      className="btns"
    >
      <div
        className="btn__group"
      >
        <button
          className="btn button"
          onClick={[Function]}
          type="button"
        >
          AC
        </button>
        <button
          className="btn button"
          onClick={[Function]}
          type="button"
        >
          +/-
        </button>
        <button
          className="btn button"
          onClick={[Function]}
          type="button"
        >
          %
        </button>
        <button
          className="btn button"
          onClick={[Function]}
          type="button"
        >
          รท
        </button>
      </div>
      <div
        className="btn__group"
      >
        <button
          className="btn button"
          onClick={[Function]}
          type="button"
        >
          7
        </button>
        <button
          className="btn button"
          onClick={[Function]}
          type="button"
        >
          8
        </button>
        <button
          className="btn button"
          onClick={[Function]}
          type="button"
        >
          9
        </button>
        <button
          className="btn button"
          onClick={[Function]}
          type="button"
        >
          x
        </button>
      </div>
      <div
        className="btn__group"
      >
        <button
          className="btn button"
          onClick={[Function]}
          type="button"
        >
          4
        </button>
        <button
          className="btn button"
          onClick={[Function]}
          type="button"
        >
          5
        </button>
        <button
          className="btn button"
          onClick={[Function]}
          type="button"
        >
          6
        </button>
        <button
          className="btn button"
          onClick={[Function]}
          type="button"
        >
          -
        </button>
      </div>
      <div
        className="btn__group"
      >
        <button
          className="btn button"
          onClick={[Function]}
          type="button"
        >
          1
        </button>
        <button
          className="btn button"
          onClick={[Function]}
          type="button"
        >
          2
        </button>
        <button
          className="btn button"
          onClick={[Function]}
          type="button"
        >
          3
        </button>
        <button
          className="btn button"
          onClick={[Function]}
          type="button"
        >
          +
        </button>
      </div>
      <div
        className="btn__group"
      >
        <button
          className="btn button"
          onClick={[Function]}
          type="button"
        >
          0
        </button>
        <button
          className="btn button"
          onClick={[Function]}
          type="button"
        >
          .
        </button>
        <button
          className="btn button"
          onClick={[Function]}
          type="button"
        >
          =
        </button>
      </div>
    </div>
  </div>
</div>
`;
