// Jest Snapshot v1, https://goo.gl/fbAQLP

exports[`Test suits for Footer with Link should match with snapshot 1`] = `
<footer>
  <small>
    Â©
     
    2021
     
    <a
      href="/https://github.com/yocosaka"
      onClick={[Function]}
    >
      Yoko Saka
    </a>
  </small>
</footer>
`;
